<!doctype html public "-//w3c//dtd html 4.0 transitional//en">
<html><head>
<title>Static Call Graph - [.\obj\LDROM_Bootloader.axf]</title></head>
<body><HR>
<H1>Static Call Graph for image .\obj\LDROM_Bootloader.axf</H1><HR>
<BR><P>#&#060CALLGRAPH&#062# ARM Linker, 6220000: Last Updated: Wed May 13 17:58:27 2026
<BR><P>
<H3>Maximum Stack Usage =        260 bytes + Unknown(Functions without stacksize, Cycles, Untraceable Function Pointers)</H3><H3>
Call chain for Maximum Stack Depth:</H3>
main &rArr; CANFD_GetSegments &rArr; __aeabi_ui2f &rArr; _float_epilogue
<P>
<H3>
Functions with no stack information
</H3><UL>
 <LI><a href="#[0]">Reset_Handler</a>
 <LI><a href="#[1]">NMI_Handler</a>
 <LI><a href="#[2]">HardFault_Handler</a>
 <LI><a href="#[a]">SH_DoCommand</a>
 <LI><a href="#[b]">__PC</a>
</UL>
</UL>
<P>
<H3>
Mutually Recursive functions
</H3> <LI><a href="#[1]">NMI_Handler</a>&nbsp;&nbsp;&nbsp;&rArr;&nbsp;&nbsp;&nbsp;<a href="#[1]">NMI_Handler</a><BR>
</UL>
<P>
<H3>
Function Pointers
</H3><UL>
 <LI><a href="#[3]">CANFD00_IRQHandler</a> from lto-llvm-71cb4d.o(.text.CANFD00_IRQHandler) referenced from startup_m2a23.o(RESET)
 <LI><a href="#[9]">FMC_Read</a> from lto-llvm-71cb4d.o(.text.FMC_Read) referenced from lto-llvm-71cb4d.o(.text.App_IsValid)
 <LI><a href="#[2]">HardFault_Handler</a> from startup_m2a23.o(.text) referenced from startup_m2a23.o(RESET)
 <LI><a href="#[1]">NMI_Handler</a> from startup_m2a23.o(.text) referenced from startup_m2a23.o(RESET)
 <LI><a href="#[7]">ProcessHardFault</a> from lto-llvm-71cb4d.o(.text.ProcessHardFault) referenced from startup_m2a23.o(.text)
 <LI><a href="#[0]">Reset_Handler</a> from startup_m2a23.o(.text) referenced from startup_m2a23.o(RESET)
 <LI><a href="#[8]">SH_Return</a> from lto-llvm-71cb4d.o(.text.SH_Return) referenced from startup_m2a23.o(.text)
 <LI><a href="#[5]">SystemInit</a> from lto-llvm-71cb4d.o(.text.SystemInit) referenced from startup_m2a23.o(.text)
 <LI><a href="#[6]">__main</a> from entry.o(.ARM.Collect$$$$00000000) referenced from startup_m2a23.o(.text)
 <LI><a href="#[4]">main</a> from lto-llvm-71cb4d.o(.text.main) referenced from entry9a.o(.ARM.Collect$$$$0000000B)
</UL>
<P>
<H3>
Global Symbols
</H3>
<P><STRONG><a name="[6]"></a>__main</STRONG> (Thumb, 0 bytes, Stack size unknown bytes, entry.o(.ARM.Collect$$$$00000000))
<BR>[Address Reference Count : 1]<UL><LI> startup_m2a23.o(.text)
</UL>
<P><STRONG><a name="[1f]"></a>_main_stk</STRONG> (Thumb, 0 bytes, Stack size unknown bytes, entry2.o(.ARM.Collect$$$$00000001))

<P><STRONG><a name="[c]"></a>_main_scatterload</STRONG> (Thumb, 0 bytes, Stack size unknown bytes, entry5.o(.ARM.Collect$$$$00000004))
<BR><BR>[Calls]<UL><LI><a href="#[d]">&gt;&gt;</a>&nbsp;&nbsp;&nbsp;__scatterload
</UL>

<P><STRONG><a name="[e]"></a>__main_after_scatterload</STRONG> (Thumb, 0 bytes, Stack size unknown bytes, entry5.o(.ARM.Collect$$$$00000004))
<BR><BR>[Called By]<UL><LI><a href="#[d]">&gt;&gt;</a>&nbsp;&nbsp;&nbsp;__scatterload
</UL>

<P><STRONG><a name="[20]"></a>_main_clock</STRONG> (Thumb, 0 bytes, Stack size unknown bytes, entry7b.o(.ARM.Collect$$$$00000008))

<P><STRONG><a name="[21]"></a>_main_cpp_init</STRONG> (Thumb, 0 bytes, Stack size unknown bytes, entry8b.o(.ARM.Collect$$$$0000000A))

<P><STRONG><a name="[22]"></a>_main_init</STRONG> (Thumb, 0 bytes, Stack size unknown bytes, entry9a.o(.ARM.Collect$$$$0000000B))

<P><STRONG><a name="[23]"></a>__rt_final_cpp</STRONG> (Thumb, 0 bytes, Stack size unknown bytes, entry10a.o(.ARM.Collect$$$$0000000D))

<P><STRONG><a name="[24]"></a>__rt_final_exit</STRONG> (Thumb, 0 bytes, Stack size unknown bytes, entry11a.o(.ARM.Collect$$$$0000000F))

<P><STRONG><a name="[0]"></a>Reset_Handler</STRONG> (Thumb, 0 bytes, Stack size unknown bytes, startup_m2a23.o(.text))
<BR>[Address Reference Count : 1]<UL><LI> startup_m2a23.o(RESET)
</UL>
<P><STRONG><a name="[1]"></a>NMI_Handler</STRONG> (Thumb, 0 bytes, Stack size unknown bytes, startup_m2a23.o(.text))
<BR><BR>[Calls]<UL><LI><a href="#[1]">&gt;&gt;</a>&nbsp;&nbsp;&nbsp;NMI_Handler
</UL>
<BR>[Called By]<UL><LI><a href="#[1]">&gt;&gt;</a>&nbsp;&nbsp;&nbsp;NMI_Handler
</UL>
<BR>[Address Reference Count : 1]<UL><LI> startup_m2a23.o(RESET)
</UL>
<P><STRONG><a name="[2]"></a>HardFault_Handler</STRONG> (Thumb, 0 bytes, Stack size unknown bytes, startup_m2a23.o(.text))
<BR>[Address Reference Count : 1]<UL><LI> startup_m2a23.o(RESET)
</UL>
<P><STRONG><a name="[a]"></a>SH_DoCommand</STRONG> (Thumb, 0 bytes, Stack size unknown bytes, startup_m2a23.o(.text), UNUSED, KEPT)

<P><STRONG><a name="[b]"></a>__PC</STRONG> (Thumb, 0 bytes, Stack size unknown bytes, startup_m2a23.o(.text), UNUSED, KEPT)

<P><STRONG><a name="[d]"></a>__scatterload</STRONG> (Thumb, 38 bytes, Stack size 0 bytes, init.o(.text))
<BR><BR>[Calls]<UL><LI><a href="#[e]">&gt;&gt;</a>&nbsp;&nbsp;&nbsp;__main_after_scatterload
</UL>
<BR>[Called By]<UL><LI><a href="#[c]">&gt;&gt;</a>&nbsp;&nbsp;&nbsp;_main_scatterload
</UL>

<P><STRONG><a name="[25]"></a>__scatterload_rt2</STRONG> (Thumb, 0 bytes, Stack size 0 bytes, init.o(.text), UNUSED)

<P><STRONG><a name="[10]"></a>__aeabi_memset</STRONG> (Thumb, 14 bytes, Stack size 0 bytes, memseta.o(.text), UNUSED)
<BR><BR>[Called By]<UL><LI><a href="#[11]">&gt;&gt;</a>&nbsp;&nbsp;&nbsp;_memset$wrapper
<LI><a href="#[f]">&gt;&gt;</a>&nbsp;&nbsp;&nbsp;__aeabi_memclr
</UL>

<P><STRONG><a name="[26]"></a>__aeabi_memset4</STRONG> (Thumb, 0 bytes, Stack size 0 bytes, memseta.o(.text), UNUSED)

<P><STRONG><a name="[27]"></a>__aeabi_memset8</STRONG> (Thumb, 0 bytes, Stack size 0 bytes, memseta.o(.text), UNUSED)

<P><STRONG><a name="[f]"></a>__aeabi_memclr</STRONG> (Thumb, 4 bytes, Stack size 0 bytes, memseta.o(.text), UNUSED)
<BR><BR>[Calls]<UL><LI><a href="#[10]">&gt;&gt;</a>&nbsp;&nbsp;&nbsp;__aeabi_memset
</UL>

<P><STRONG><a name="[1b]"></a>__aeabi_memclr4</STRONG> (Thumb, 0 bytes, Stack size 0 bytes, memseta.o(.text))
<BR><BR>[Called By]<UL><LI><a href="#[4]">&gt;&gt;</a>&nbsp;&nbsp;&nbsp;main
<LI><a href="#[1a]">&gt;&gt;</a>&nbsp;&nbsp;&nbsp;CANFD_InitRxFifo
</UL>

<P><STRONG><a name="[28]"></a>__aeabi_memclr8</STRONG> (Thumb, 0 bytes, Stack size 0 bytes, memseta.o(.text), UNUSED)

<P><STRONG><a name="[11]"></a>_memset$wrapper</STRONG> (Thumb, 18 bytes, Stack size 8 bytes, memseta.o(.text), UNUSED)
<BR><BR>[Calls]<UL><LI><a href="#[10]">&gt;&gt;</a>&nbsp;&nbsp;&nbsp;__aeabi_memset
</UL>

<P><STRONG><a name="[18]"></a>__aeabi_fmul</STRONG> (Thumb, 122 bytes, Stack size 16 bytes, fmul.o(.text))
<BR><BR>[Stack]<UL><LI>Max Depth = 16<LI>Call Chain = __aeabi_fmul
</UL>
<BR>[Called By]<UL><LI><a href="#[17]">&gt;&gt;</a>&nbsp;&nbsp;&nbsp;CANFD_GetSegments
</UL>

<P><STRONG><a name="[12]"></a>__aeabi_ui2f</STRONG> (Thumb, 14 bytes, Stack size 8 bytes, ffltui.o(.text))
<BR><BR>[Stack]<UL><LI>Max Depth = 20<LI>Call Chain = __aeabi_ui2f &rArr; _float_epilogue
</UL>
<BR>[Calls]<UL><LI><a href="#[13]">&gt;&gt;</a>&nbsp;&nbsp;&nbsp;_float_epilogue
</UL>
<BR>[Called By]<UL><LI><a href="#[17]">&gt;&gt;</a>&nbsp;&nbsp;&nbsp;CANFD_GetSegments
</UL>

<P><STRONG><a name="[19]"></a>__aeabi_f2iz</STRONG> (Thumb, 50 bytes, Stack size 0 bytes, ffixi.o(.text))
<BR><BR>[Called By]<UL><LI><a href="#[17]">&gt;&gt;</a>&nbsp;&nbsp;&nbsp;CANFD_GetSegments
</UL>

<P><STRONG><a name="[29]"></a>__I$use$fp</STRONG> (Thumb, 0 bytes, Stack size 0 bytes, iusefp.o(.text), UNUSED)

<P><STRONG><a name="[2a]"></a>_float_round</STRONG> (Thumb, 16 bytes, Stack size 0 bytes, fepilogue.o(.text), UNUSED)

<P><STRONG><a name="[13]"></a>_float_epilogue</STRONG> (Thumb, 114 bytes, Stack size 12 bytes, fepilogue.o(.text))
<BR><BR>[Stack]<UL><LI>Max Depth = 12<LI>Call Chain = _float_epilogue
</UL>
<BR>[Called By]<UL><LI><a href="#[12]">&gt;&gt;</a>&nbsp;&nbsp;&nbsp;__aeabi_ui2f
</UL>

<P><STRONG><a name="[3]"></a>CANFD00_IRQHandler</STRONG> (Thumb, 172 bytes, Stack size 20 bytes, lto-llvm-71cb4d.o(.text.CANFD00_IRQHandler))
<BR><BR>[Stack]<UL><LI>Max Depth = 20<LI>Call Chain = CANFD00_IRQHandler
</UL>
<BR>[Address Reference Count : 1]<UL><LI> startup_m2a23.o(RESET)
</UL>
<P><STRONG><a name="[7]"></a>ProcessHardFault</STRONG> (Thumb, 2 bytes, Stack size 0 bytes, lto-llvm-71cb4d.o(.text.ProcessHardFault))
<BR>[Address Reference Count : 1]<UL><LI> startup_m2a23.o(.text)
</UL>
<P><STRONG><a name="[8]"></a>SH_Return</STRONG> (Thumb, 2 bytes, Stack size 0 bytes, lto-llvm-71cb4d.o(.text.SH_Return))
<BR>[Address Reference Count : 1]<UL><LI> startup_m2a23.o(.text)
</UL>
<P><STRONG><a name="[5]"></a>SystemInit</STRONG> (Thumb, 2 bytes, Stack size 0 bytes, lto-llvm-71cb4d.o(.text.SystemInit))
<BR>[Address Reference Count : 1]<UL><LI> startup_m2a23.o(.text)
</UL>
<P><STRONG><a name="[4]"></a>main</STRONG> (Thumb, 1860 bytes, Stack size 200 bytes, lto-llvm-71cb4d.o(.text.main))
<BR><BR>[Stack]<UL><LI>Max Depth = 260<LI>Call Chain = main &rArr; CANFD_GetSegments &rArr; __aeabi_ui2f &rArr; _float_epilogue
</UL>
<BR>[Calls]<UL><LI><a href="#[1b]">&gt;&gt;</a>&nbsp;&nbsp;&nbsp;__aeabi_memclr4
<LI><a href="#[1e]">&gt;&gt;</a>&nbsp;&nbsp;&nbsp;Boot_JumpToApplication
<LI><a href="#[9]">&gt;&gt;</a>&nbsp;&nbsp;&nbsp;FMC_Read
<LI><a href="#[1a]">&gt;&gt;</a>&nbsp;&nbsp;&nbsp;CANFD_InitRxFifo
<LI><a href="#[17]">&gt;&gt;</a>&nbsp;&nbsp;&nbsp;CANFD_GetSegments
<LI><a href="#[14]">&gt;&gt;</a>&nbsp;&nbsp;&nbsp;App_IsValid
<LI><a href="#[15]">&gt;&gt;</a>&nbsp;&nbsp;&nbsp;BootDbgUart_WriteString
<LI><a href="#[1d]">&gt;&gt;</a>&nbsp;&nbsp;&nbsp;CLK_SetModuleClock
<LI><a href="#[1c]">&gt;&gt;</a>&nbsp;&nbsp;&nbsp;SystemCoreClockUpdate
</UL>
<BR>[Address Reference Count : 1]<UL><LI> entry9a.o(.ARM.Collect$$$$0000000B)
</UL>
<P><STRONG><a name="[2b]"></a>__scatterload_copy</STRONG> (Thumb, 14 bytes, Stack size unknown bytes, handlers.o(i.__scatterload_copy), UNUSED)

<P><STRONG><a name="[2c]"></a>__scatterload_null</STRONG> (Thumb, 2 bytes, Stack size unknown bytes, handlers.o(i.__scatterload_null), UNUSED)

<P><STRONG><a name="[2d]"></a>__scatterload_zeroinit</STRONG> (Thumb, 14 bytes, Stack size unknown bytes, handlers.o(i.__scatterload_zeroinit), UNUSED)
<P>
<H3>
Local Symbols
</H3>
<P><STRONG><a name="[1c]"></a>SystemCoreClockUpdate</STRONG> (Thumb, 104 bytes, Stack size 16 bytes, lto-llvm-71cb4d.o(.text.SystemCoreClockUpdate))
<BR><BR>[Stack]<UL><LI>Max Depth = 16<LI>Call Chain = SystemCoreClockUpdate
</UL>
<BR>[Called By]<UL><LI><a href="#[4]">&gt;&gt;</a>&nbsp;&nbsp;&nbsp;main
</UL>

<P><STRONG><a name="[1d]"></a>CLK_SetModuleClock</STRONG> (Thumb, 68 bytes, Stack size 16 bytes, lto-llvm-71cb4d.o(.text.CLK_SetModuleClock))
<BR><BR>[Stack]<UL><LI>Max Depth = 16<LI>Call Chain = CLK_SetModuleClock
</UL>
<BR>[Called By]<UL><LI><a href="#[4]">&gt;&gt;</a>&nbsp;&nbsp;&nbsp;main
</UL>

<P><STRONG><a name="[15]"></a>BootDbgUart_WriteString</STRONG> (Thumb, 36 bytes, Stack size 16 bytes, lto-llvm-71cb4d.o(.text.BootDbgUart_WriteString))
<BR><BR>[Stack]<UL><LI>Max Depth = 16<LI>Call Chain = BootDbgUart_WriteString
</UL>
<BR>[Calls]<UL><LI><a href="#[16]">&gt;&gt;</a>&nbsp;&nbsp;&nbsp;BootDbgUart_WriteByte
</UL>
<BR>[Called By]<UL><LI><a href="#[4]">&gt;&gt;</a>&nbsp;&nbsp;&nbsp;main
</UL>

<P><STRONG><a name="[14]"></a>App_IsValid</STRONG> (Thumb, 136 bytes, Stack size 24 bytes, lto-llvm-71cb4d.o(.text.App_IsValid))
<BR><BR>[Stack]<UL><LI>Max Depth = 24<LI>Call Chain = App_IsValid
</UL>
<BR>[Calls]<UL><LI><a href="#[9]">&gt;&gt;</a>&nbsp;&nbsp;&nbsp;FMC_Read
</UL>
<BR>[Called By]<UL><LI><a href="#[4]">&gt;&gt;</a>&nbsp;&nbsp;&nbsp;main
</UL>

<P><STRONG><a name="[17]"></a>CANFD_GetSegments</STRONG> (Thumb, 156 bytes, Stack size 40 bytes, lto-llvm-71cb4d.o(.text.CANFD_GetSegments))
<BR><BR>[Stack]<UL><LI>Max Depth = 60<LI>Call Chain = CANFD_GetSegments &rArr; __aeabi_ui2f &rArr; _float_epilogue
</UL>
<BR>[Calls]<UL><LI><a href="#[19]">&gt;&gt;</a>&nbsp;&nbsp;&nbsp;__aeabi_f2iz
<LI><a href="#[18]">&gt;&gt;</a>&nbsp;&nbsp;&nbsp;__aeabi_fmul
<LI><a href="#[12]">&gt;&gt;</a>&nbsp;&nbsp;&nbsp;__aeabi_ui2f
</UL>
<BR>[Called By]<UL><LI><a href="#[4]">&gt;&gt;</a>&nbsp;&nbsp;&nbsp;main
</UL>

<P><STRONG><a name="[1a]"></a>CANFD_InitRxFifo</STRONG> (Thumb, 96 bytes, Stack size 16 bytes, lto-llvm-71cb4d.o(.text.CANFD_InitRxFifo))
<BR><BR>[Stack]<UL><LI>Max Depth = 16<LI>Call Chain = CANFD_InitRxFifo
</UL>
<BR>[Calls]<UL><LI><a href="#[1b]">&gt;&gt;</a>&nbsp;&nbsp;&nbsp;__aeabi_memclr4
</UL>
<BR>[Called By]<UL><LI><a href="#[4]">&gt;&gt;</a>&nbsp;&nbsp;&nbsp;main
</UL>

<P><STRONG><a name="[9]"></a>FMC_Read</STRONG> (Thumb, 40 bytes, Stack size 0 bytes, lto-llvm-71cb4d.o(.text.FMC_Read))
<BR><BR>[Called By]<UL><LI><a href="#[4]">&gt;&gt;</a>&nbsp;&nbsp;&nbsp;main
<LI><a href="#[14]">&gt;&gt;</a>&nbsp;&nbsp;&nbsp;App_IsValid
</UL>
<BR>[Address Reference Count : 1]<UL><LI> lto-llvm-71cb4d.o(.text.App_IsValid)
</UL>
<P><STRONG><a name="[1e]"></a>Boot_JumpToApplication</STRONG> (Thumb, 48 bytes, Stack size 0 bytes, lto-llvm-71cb4d.o(.text.Boot_JumpToApplication))
<BR><BR>[Called By]<UL><LI><a href="#[4]">&gt;&gt;</a>&nbsp;&nbsp;&nbsp;main
</UL>

<P><STRONG><a name="[16]"></a>BootDbgUart_WriteByte</STRONG> (Thumb, 12 bytes, Stack size 0 bytes, lto-llvm-71cb4d.o(.text.BootDbgUart_WriteByte))
<BR><BR>[Called By]<UL><LI><a href="#[15]">&gt;&gt;</a>&nbsp;&nbsp;&nbsp;BootDbgUart_WriteString
</UL>
<P>
<H3>
Undefined Global Symbols
</H3><HR></body></html>
