<html>
<body>
<pre>
<h1>µVision Build Log</h1>
<h2>Tool Versions:</h2>
IDE-Version: £gVision V5.41.0.0
Copyright (C) 2024 ARM Ltd and ARM Germany GmbH. All rights reserved.
License Information: admin admin admin Flex license: MDK Professional 5.41 (Flex): 4 user(s) (mdk_pro) Support: May 2026
 
Tool Versions:
Toolchain:       MDK Professional 5.41 (Flex): 4 user(s)  Version: 5.41.0.0
Toolchain Path:  C:\Keil_v5\ARM\ARMCLANG\Bin
C Compiler:      ArmClang.exe V6.22
Assembler:       Armasm.exe V6.22
Linker/Locator:  ArmLink.exe V6.22
Library Manager: ArmAr.exe V6.22
Hex Converter:   FromElf.exe V6.22
CPU DLL:         
Dialog DLL:      
Target DLL:      Nu_Link.dll V3.23
Dialog DLL:      TCM.DLL V1.56.4.0
 
<h2>Project:</h2>
D:\SourceCode\_Avery_M2A23\M2A23BSP_ISP_CAN_PWM_LIN\SampleCode\Template\ISP_CAN\Keil\Template.uvprojx
Project File Date:  05/13/2026

<h2>Output:</h2>
*** Using Compiler 'V6.22', folder: 'C:\Keil_v5\ARM\ARMCLANG\Bin'
Rebuild target 'Template'
compiling clk.c...
compiling main.c...
compiling sys.c...
compiling system_m2a23.c...
compiling fmc.c...
assembling startup_m2a23.S...
compiling canfd.c...
linking...
Program Size: Code=3786 RO-data=38 RW-data=4 ZI-data=1128  
FromELF: creating hex file...
After Build - User command #1: fromelf --bin ".\obj\LDROM_Bootloader.axf" --output ".\obj\LDROM_Bootloader.bin"
After Build - User command #2: fromelf --text -c ".\obj\LDROM_Bootloader.axf" --output ".\obj\LDROM_Bootloader.txt"
".\obj\LDROM_Bootloader.axf" - 0 Error(s), 0 Warning(s).

<h2>Software Packages used:</h2>

Package Vendor: Nuvoton
                https://github.com/OpenNuvoton/cmsis-packs/raw/master/Nuvoton_DFP/Nuvoton.NuMicroM23_DFP.1.0.6.pack
                Nuvoton::NuMicroM23_DFP@1.0.6
                Nuvoton ARM Cortex-M23 NuMicro Family Device Support

<h2>Collection of Component include folders:</h2>
  C:/Users/averyc/AppData/Local/Arm/Packs/Nuvoton/NuMicroM23_DFP/1.0.6/Device/M2A23/Include

<h2>Collection of Component Files used:</h2>
Build Time Elapsed:  00:00:04
</pre>
</body>
</html>
