Component: Arm Compiler for Embedded 6.22 Tool: armlink [5ee90200]

==============================================================================

Small function inlining results

Inlined total of 0 calls.

==============================================================================

Section Cross References

    startup_m2a23.o(.text) refers to lto-llvm-71cb4d.o(.text.SystemInit) for SystemInit
    startup_m2a23.o(.text) refers to entry.o(.ARM.Collect$$$$00000000) for __main
    startup_m2a23.o(.text) refers to lto-llvm-71cb4d.o(.text.ProcessHardFault) for ProcessHardFault
    startup_m2a23.o(.text) refers to lto-llvm-71cb4d.o(.text.SH_Return) for SH_Return
    startup_m2a23.o(RESET) refers to startup_m2a23.o(.bss.STACK) for __initial_sp
    startup_m2a23.o(RESET) refers to startup_m2a23.o(.text) for Reset_Handler
    startup_m2a23.o(RESET) refers to lto-llvm-71cb4d.o(.text.CANFD00_IRQHandler) for CANFD00_IRQHandler
    entry.o(.ARM.Collect$$$$00000000) refers (Special) to entry10a.o(.ARM.Collect$$$$0000000D) for __rt_final_cpp
    entry.o(.ARM.Collect$$$$00000000) refers (Special) to entry11a.o(.ARM.Collect$$$$0000000F) for __rt_final_exit
    entry.o(.ARM.Collect$$$$00000000) refers (Special) to entry7b.o(.ARM.Collect$$$$00000008) for _main_clock
    entry.o(.ARM.Collect$$$$00000000) refers (Special) to entry8b.o(.ARM.Collect$$$$0000000A) for _main_cpp_init
    entry.o(.ARM.Collect$$$$00000000) refers (Special) to entry9a.o(.ARM.Collect$$$$0000000B) for _main_init
    entry.o(.ARM.Collect$$$$00000000) refers (Special) to entry5.o(.ARM.Collect$$$$00000004) for _main_scatterload
    entry.o(.ARM.Collect$$$$00000000) refers (Special) to entry2.o(.ARM.Collect$$$$00000001) for _main_stk
    entry2.o(.ARM.Collect$$$$00000001) refers to entry2.o(.ARM.Collect$$$$00002712) for __lit__00000000
    entry2.o(.ARM.Collect$$$$00002712) refers to startup_m2a23.o(.bss.STACK) for __initial_sp
    entry2.o(__vectab_stack_and_reset_area) refers to startup_m2a23.o(.bss.STACK) for __initial_sp
    entry2.o(__vectab_stack_and_reset_area) refers to entry.o(.ARM.Collect$$$$00000000) for __main
    entry5.o(.ARM.Collect$$$$00000004) refers to init.o(.text) for __scatterload
    entry9a.o(.ARM.Collect$$$$0000000B) refers to lto-llvm-71cb4d.o(.text.main) for main
    entry9b.o(.ARM.Collect$$$$0000000C) refers to lto-llvm-71cb4d.o(.text.main) for main
    init.o(.text) refers to entry5.o(.ARM.Collect$$$$00000004) for __main_after_scatterload
    lto-llvm-71cb4d.o(.text.SystemCoreClockUpdate) refers to lto-llvm-71cb4d.o(.rodata.cst4) for [Anonymous Symbol]
    lto-llvm-71cb4d.o(.text.SystemCoreClockUpdate) refers to lto-llvm-71cb4d.o(.data.SystemCoreClock) for [Anonymous Symbol]
    lto-llvm-71cb4d.o(.ARM.exidx.text.SystemCoreClockUpdate) refers to lto-llvm-71cb4d.o(.text.SystemCoreClockUpdate) for [Anonymous Symbol]
    lto-llvm-71cb4d.o(.ARM.exidx.text.SystemInit) refers to lto-llvm-71cb4d.o(.text.SystemInit) for [Anonymous Symbol]
    lto-llvm-71cb4d.o(.text.CANFD00_IRQHandler) refers to lto-llvm-71cb4d.o(.bss..L_MergedGlobals) for [Anonymous Symbol]
    lto-llvm-71cb4d.o(.ARM.exidx.text.CANFD00_IRQHandler) refers to lto-llvm-71cb4d.o(.text.CANFD00_IRQHandler) for [Anonymous Symbol]
    lto-llvm-71cb4d.o(.text.main) refers to lto-llvm-71cb4d.o(.text.SystemCoreClockUpdate) for SystemCoreClockUpdate
    lto-llvm-71cb4d.o(.text.main) refers to lto-llvm-71cb4d.o(.text.CLK_SetModuleClock) for CLK_SetModuleClock
    lto-llvm-71cb4d.o(.text.main) refers to lto-llvm-71cb4d.o(.text.BootDbgUart_WriteString) for BootDbgUart_WriteString
    lto-llvm-71cb4d.o(.text.main) refers to lto-llvm-71cb4d.o(.text.App_IsValid) for App_IsValid
    lto-llvm-71cb4d.o(.text.main) refers to memseta.o(.text) for __aeabi_memclr4
    lto-llvm-71cb4d.o(.text.main) refers to lto-llvm-71cb4d.o(.data.SystemCoreClock) for [Anonymous Symbol]
    lto-llvm-71cb4d.o(.text.main) refers to lto-llvm-71cb4d.o(.rodata.cst4) for [Anonymous Symbol]
    lto-llvm-71cb4d.o(.text.main) refers to lto-llvm-71cb4d.o(.text.CANFD_GetSegments) for CANFD_GetSegments
    lto-llvm-71cb4d.o(.text.main) refers to lto-llvm-71cb4d.o(.text.CANFD_InitRxFifo) for CANFD_InitRxFifo
    lto-llvm-71cb4d.o(.text.main) refers to lto-llvm-71cb4d.o(.text.FMC_Read) for FMC_Read
    lto-llvm-71cb4d.o(.text.main) refers to lto-llvm-71cb4d.o(.text.Boot_JumpToApplication) for Boot_JumpToApplication
    lto-llvm-71cb4d.o(.text.main) refers to lto-llvm-71cb4d.o(.bss..L_MergedGlobals) for [Anonymous Symbol]
    lto-llvm-71cb4d.o(.ARM.exidx.text.main) refers to lto-llvm-71cb4d.o(.text.main) for [Anonymous Symbol]
    lto-llvm-71cb4d.o(.text.BootDbgUart_WriteString) refers to lto-llvm-71cb4d.o(.text.BootDbgUart_WriteByte) for BootDbgUart_WriteByte
    lto-llvm-71cb4d.o(.ARM.exidx.text.BootDbgUart_WriteString) refers to lto-llvm-71cb4d.o(.text.BootDbgUart_WriteString) for [Anonymous Symbol]
    lto-llvm-71cb4d.o(.text.App_IsValid) refers to lto-llvm-71cb4d.o(.text.FMC_Read) for FMC_Read
    lto-llvm-71cb4d.o(.ARM.exidx.text.App_IsValid) refers to lto-llvm-71cb4d.o(.text.App_IsValid) for [Anonymous Symbol]
    lto-llvm-71cb4d.o(.text.Boot_JumpToApplication) refers to lto-llvm-71cb4d.o(.data.SystemCoreClock) for [Anonymous Symbol]
    lto-llvm-71cb4d.o(.ARM.exidx.text.Boot_JumpToApplication) refers to lto-llvm-71cb4d.o(.text.Boot_JumpToApplication) for [Anonymous Symbol]
    lto-llvm-71cb4d.o(.ARM.exidx.text.BootDbgUart_WriteByte) refers to lto-llvm-71cb4d.o(.text.BootDbgUart_WriteByte) for [Anonymous Symbol]
    lto-llvm-71cb4d.o(.ARM.exidx.text.ProcessHardFault) refers to lto-llvm-71cb4d.o(.text.ProcessHardFault) for [Anonymous Symbol]
    lto-llvm-71cb4d.o(.ARM.exidx.text.SH_Return) refers to lto-llvm-71cb4d.o(.text.SH_Return) for [Anonymous Symbol]
    lto-llvm-71cb4d.o(.ARM.exidx.text.CLK_SetModuleClock) refers to lto-llvm-71cb4d.o(.text.CLK_SetModuleClock) for [Anonymous Symbol]
    lto-llvm-71cb4d.o(.text.FMC_Read) refers to lto-llvm-71cb4d.o(.data.SystemCoreClock) for [Anonymous Symbol]
    lto-llvm-71cb4d.o(.ARM.exidx.text.FMC_Read) refers to lto-llvm-71cb4d.o(.text.FMC_Read) for [Anonymous Symbol]
    lto-llvm-71cb4d.o(.text.CANFD_GetSegments) refers to ffltui.o(.text) for __aeabi_ui2f
    lto-llvm-71cb4d.o(.text.CANFD_GetSegments) refers to fmul.o(.text) for __aeabi_fmul
    lto-llvm-71cb4d.o(.text.CANFD_GetSegments) refers to ffixi.o(.text) for __aeabi_f2iz
    lto-llvm-71cb4d.o(.ARM.exidx.text.CANFD_GetSegments) refers to lto-llvm-71cb4d.o(.text.CANFD_GetSegments) for [Anonymous Symbol]
    lto-llvm-71cb4d.o(.text.CANFD_InitRxFifo) refers to memseta.o(.text) for __aeabi_memclr4
    lto-llvm-71cb4d.o(.ARM.exidx.text.CANFD_InitRxFifo) refers to lto-llvm-71cb4d.o(.text.CANFD_InitRxFifo) for [Anonymous Symbol]
    fmul.o(.text) refers (Special) to iusefp.o(.text) for __I$use$fp
    ffltui.o(.text) refers (Special) to iusefp.o(.text) for __I$use$fp
    ffltui.o(.text) refers to fepilogue.o(.text) for _float_epilogue
    ffixi.o(.text) refers (Special) to iusefp.o(.text) for __I$use$fp
    fepilogue.o(.text) refers (Special) to iusefp.o(.text) for __I$use$fp


==============================================================================

Removing Unused input sections from the image.

    Removing startup_m2a23.o(.bss.HEAP), (256 bytes).
    Removing lto-llvm-71cb4d.o(.text), (0 bytes).
    Removing lto-llvm-71cb4d.o(.ARM.exidx.text.SystemCoreClockUpdate), (8 bytes).
    Removing lto-llvm-71cb4d.o(.ARM.exidx.text.SystemInit), (8 bytes).
    Removing lto-llvm-71cb4d.o(.ARM.exidx.text.CANFD00_IRQHandler), (8 bytes).
    Removing lto-llvm-71cb4d.o(.ARM.exidx.text.main), (8 bytes).
    Removing lto-llvm-71cb4d.o(.ARM.exidx.text.BootDbgUart_WriteString), (8 bytes).
    Removing lto-llvm-71cb4d.o(.ARM.exidx.text.App_IsValid), (8 bytes).
    Removing lto-llvm-71cb4d.o(.ARM.exidx.text.Boot_JumpToApplication), (8 bytes).
    Removing lto-llvm-71cb4d.o(.ARM.exidx.text.BootDbgUart_WriteByte), (8 bytes).
    Removing lto-llvm-71cb4d.o(.ARM.exidx.text.ProcessHardFault), (8 bytes).
    Removing lto-llvm-71cb4d.o(.ARM.exidx.text.SH_Return), (8 bytes).
    Removing lto-llvm-71cb4d.o(.ARM.exidx.text.CLK_SetModuleClock), (8 bytes).
    Removing lto-llvm-71cb4d.o(.ARM.exidx.text.FMC_Read), (8 bytes).
    Removing lto-llvm-71cb4d.o(.ARM.exidx.text.CANFD_GetSegments), (8 bytes).
    Removing lto-llvm-71cb4d.o(.ARM.exidx.text.CANFD_InitRxFifo), (8 bytes).
    Removing lto-llvm-71cb4d.o(.ARM.use_no_argv), (4 bytes).

17 unused section(s) (total 372 bytes) removed from the image.

==============================================================================

Image Symbol Table

    Local Symbols

    Symbol Name                              Value     Ov Type        Size  Object(Section)

    ../clib/microlib/init/entry.s            0x00000000   Number         0  entry.o ABSOLUTE
    ../clib/microlib/init/entry.s            0x00000000   Number         0  entry2.o ABSOLUTE
    ../clib/microlib/init/entry.s            0x00000000   Number         0  entry5.o ABSOLUTE
    ../clib/microlib/init/entry.s            0x00000000   Number         0  entry7a.o ABSOLUTE
    ../clib/microlib/init/entry.s            0x00000000   Number         0  entry7b.o ABSOLUTE
    ../clib/microlib/init/entry.s            0x00000000   Number         0  entry8a.o ABSOLUTE
    ../clib/microlib/init/entry.s            0x00000000   Number         0  entry8b.o ABSOLUTE
    ../clib/microlib/init/entry.s            0x00000000   Number         0  entry9a.o ABSOLUTE
    ../clib/microlib/init/entry.s            0x00000000   Number         0  entry9b.o ABSOLUTE
    ../clib/microlib/init/entry.s            0x00000000   Number         0  entry10a.o ABSOLUTE
    ../clib/microlib/init/entry.s            0x00000000   Number         0  entry10b.o ABSOLUTE
    ../clib/microlib/init/entry.s            0x00000000   Number         0  entry11a.o ABSOLUTE
    ../clib/microlib/init/entry.s            0x00000000   Number         0  entry11b.o ABSOLUTE
    ../clib/microlib/string/memset.c         0x00000000   Number         0  memseta.o ABSOLUTE
    ../clib/microlib/stubs.s                 0x00000000   Number         0  iusefp.o ABSOLUTE
    ../fplib/microlib/fpepilogue.c           0x00000000   Number         0  fepilogue.o ABSOLUTE
    ../fplib/microlib/fpfix.c                0x00000000   Number         0  ffixi.o ABSOLUTE
    ../fplib/microlib/fpflt.c                0x00000000   Number         0  ffltui.o ABSOLUTE
    ../fplib/microlib/fpmul.c                0x00000000   Number         0  fmul.o ABSOLUTE
    handlers.s                               0x00000000   Number         0  handlers.o ABSOLUTE
    init.s                                   0x00000000   Number         0  init.o ABSOLUTE
    ld-temp.o                                0x00000000   Number         0  lto-llvm-71cb4d.o ABSOLUTE
    Heap_Size                                0x00000100   Number         0  startup_m2a23.o ABSOLUTE
    Stack_Size                               0x00000400   Number         0  startup_m2a23.o ABSOLUTE
    [Anonymous Symbol]                       0x00100000   Section        0  startup_m2a23.o(RESET)
    .ARM.Collect$$$$00000000                 0x00100128   Section        0  entry.o(.ARM.Collect$$$$00000000)
    .ARM.Collect$$$$00000001                 0x00100128   Section        4  entry2.o(.ARM.Collect$$$$00000001)
    .ARM.Collect$$$$00000004                 0x0010012c   Section        4  entry5.o(.ARM.Collect$$$$00000004)
    .ARM.Collect$$$$00000008                 0x00100130   Section        0  entry7b.o(.ARM.Collect$$$$00000008)
    .ARM.Collect$$$$0000000A                 0x00100130   Section        0  entry8b.o(.ARM.Collect$$$$0000000A)
    .ARM.Collect$$$$0000000B                 0x00100130   Section        8  entry9a.o(.ARM.Collect$$$$0000000B)
    __lit__00000000                          0x00100138   Data           4  entry2.o(.ARM.Collect$$$$00002712)
    .ARM.Collect$$$$0000000D                 0x00100138   Section        0  entry10a.o(.ARM.Collect$$$$0000000D)
    .ARM.Collect$$$$0000000F                 0x00100138   Section        0  entry11a.o(.ARM.Collect$$$$0000000F)
    .ARM.Collect$$$$00002712                 0x00100138   Section        4  entry2.o(.ARM.Collect$$$$00002712)
    [Anonymous Symbol]                       0x0010013c   Section        0  startup_m2a23.o(.text)
    Default_Handler                          0x0010015c   Number         0  startup_m2a23.o(.text)
    .text                                    0x00100180   Section       48  init.o(.text)
    .text                                    0x001001b0   Section        0  memseta.o(.text)
    .text                                    0x001001d4   Section        0  fmul.o(.text)
    .text                                    0x0010024e   Section        0  ffltui.o(.text)
    .text                                    0x0010025c   Section        0  ffixi.o(.text)
    .text                                    0x0010028e   Section        0  iusefp.o(.text)
    .text                                    0x0010028e   Section        0  fepilogue.o(.text)
    App_IsValid                              0x00100311   Thumb Code   136  lto-llvm-71cb4d.o(.text.App_IsValid)
    [Anonymous Symbol]                       0x00100310   Section        0  lto-llvm-71cb4d.o(.text.App_IsValid)
    __arm_cp.5_0                             0x00100398   Number         4  lto-llvm-71cb4d.o(.text.App_IsValid)
    __arm_cp.5_2                             0x0010039c   Number         4  lto-llvm-71cb4d.o(.text.App_IsValid)
    __arm_cp.5_3                             0x001003a0   Number         4  lto-llvm-71cb4d.o(.text.App_IsValid)
    BootDbgUart_WriteByte                    0x001003a5   Thumb Code    12  lto-llvm-71cb4d.o(.text.BootDbgUart_WriteByte)
    [Anonymous Symbol]                       0x001003a4   Section        0  lto-llvm-71cb4d.o(.text.BootDbgUart_WriteByte)
    __arm_cp.7_0                             0x001003b0   Number         4  lto-llvm-71cb4d.o(.text.BootDbgUart_WriteByte)
    BootDbgUart_WriteString                  0x001003b5   Thumb Code    36  lto-llvm-71cb4d.o(.text.BootDbgUart_WriteString)
    [Anonymous Symbol]                       0x001003b4   Section        0  lto-llvm-71cb4d.o(.text.BootDbgUart_WriteString)
    Boot_JumpToApplication                   0x001003d9   Thumb Code    48  lto-llvm-71cb4d.o(.text.Boot_JumpToApplication)
    [Anonymous Symbol]                       0x001003d8   Section        0  lto-llvm-71cb4d.o(.text.Boot_JumpToApplication)
    __arm_cp.6_2                             0x00100408   Number         4  lto-llvm-71cb4d.o(.text.Boot_JumpToApplication)
    [Anonymous Symbol]                       0x0010040c   Section        0  lto-llvm-71cb4d.o(.text.CANFD00_IRQHandler)
    __arm_cp.2_0                             0x001004b8   Number         4  lto-llvm-71cb4d.o(.text.CANFD00_IRQHandler)
    __arm_cp.2_1                             0x001004bc   Number         4  lto-llvm-71cb4d.o(.text.CANFD00_IRQHandler)
    __arm_cp.2_2                             0x001004c0   Number         4  lto-llvm-71cb4d.o(.text.CANFD00_IRQHandler)
    __arm_cp.2_3                             0x001004c4   Number         4  lto-llvm-71cb4d.o(.text.CANFD00_IRQHandler)
    CANFD_GetSegments                        0x001004d1   Thumb Code   156  lto-llvm-71cb4d.o(.text.CANFD_GetSegments)
    [Anonymous Symbol]                       0x001004d0   Section        0  lto-llvm-71cb4d.o(.text.CANFD_GetSegments)
    __arm_cp.12_0                            0x0010056c   Number         4  lto-llvm-71cb4d.o(.text.CANFD_GetSegments)
    __arm_cp.12_1                            0x00100570   Number         4  lto-llvm-71cb4d.o(.text.CANFD_GetSegments)
    __arm_cp.12_2                            0x00100574   Number         4  lto-llvm-71cb4d.o(.text.CANFD_GetSegments)
    __arm_cp.12_3                            0x00100578   Number         4  lto-llvm-71cb4d.o(.text.CANFD_GetSegments)
    CANFD_InitRxFifo                         0x0010057d   Thumb Code    96  lto-llvm-71cb4d.o(.text.CANFD_InitRxFifo)
    [Anonymous Symbol]                       0x0010057c   Section        0  lto-llvm-71cb4d.o(.text.CANFD_InitRxFifo)
    __arm_cp.13_0                            0x001005dc   Number         4  lto-llvm-71cb4d.o(.text.CANFD_InitRxFifo)
    __arm_cp.13_1                            0x001005e0   Number         4  lto-llvm-71cb4d.o(.text.CANFD_InitRxFifo)
    __arm_cp.13_2                            0x001005e4   Number         4  lto-llvm-71cb4d.o(.text.CANFD_InitRxFifo)
    CLK_SetModuleClock                       0x001005e9   Thumb Code    68  lto-llvm-71cb4d.o(.text.CLK_SetModuleClock)
    [Anonymous Symbol]                       0x001005e8   Section        0  lto-llvm-71cb4d.o(.text.CLK_SetModuleClock)
    __arm_cp.10_0                            0x0010062c   Number         4  lto-llvm-71cb4d.o(.text.CLK_SetModuleClock)
    FMC_Read                                 0x00100649   Thumb Code    40  lto-llvm-71cb4d.o(.text.FMC_Read)
    [Anonymous Symbol]                       0x00100648   Section        0  lto-llvm-71cb4d.o(.text.FMC_Read)
    __arm_cp.11_0                            0x00100670   Number         4  lto-llvm-71cb4d.o(.text.FMC_Read)
    [Anonymous Symbol]                       0x00100674   Section        0  lto-llvm-71cb4d.o(.text.ProcessHardFault)
    [Anonymous Symbol]                       0x00100676   Section        0  lto-llvm-71cb4d.o(.text.SH_Return)
    SystemCoreClockUpdate                    0x00100679   Thumb Code   104  lto-llvm-71cb4d.o(.text.SystemCoreClockUpdate)
    [Anonymous Symbol]                       0x00100678   Section        0  lto-llvm-71cb4d.o(.text.SystemCoreClockUpdate)
    __arm_cp.0_0                             0x001006e0   Number         4  lto-llvm-71cb4d.o(.text.SystemCoreClockUpdate)
    __arm_cp.0_1                             0x001006e4   Number         4  lto-llvm-71cb4d.o(.text.SystemCoreClockUpdate)
    __arm_cp.0_2                             0x001006e8   Number         4  lto-llvm-71cb4d.o(.text.SystemCoreClockUpdate)
    __arm_cp.0_3                             0x001006ec   Number         4  lto-llvm-71cb4d.o(.text.SystemCoreClockUpdate)
    __arm_cp.0_4                             0x001006f0   Number         4  lto-llvm-71cb4d.o(.text.SystemCoreClockUpdate)
    gau32ClkSrcTbl                           0x001006f4   Number         0  lto-llvm-71cb4d.o(.text.SystemCoreClockUpdate)
    __arm_cp.0_6                             0x00100714   Number         4  lto-llvm-71cb4d.o(.text.SystemCoreClockUpdate)
    [Anonymous Symbol]                       0x00100718   Section        0  lto-llvm-71cb4d.o(.text.SystemInit)
    [Anonymous Symbol]                       0x0010071c   Section        0  lto-llvm-71cb4d.o(.text.main)
    __arm_cp.3_37                            0x00100a48   Number         4  lto-llvm-71cb4d.o(.text.main)
    __arm_cp.3_38                            0x00100a4c   Number         4  lto-llvm-71cb4d.o(.text.main)
    __arm_cp.3_42                            0x00100a5c   Number         4  lto-llvm-71cb4d.o(.text.main)
    __arm_cp.3_43                            0x00100a60   Number         4  lto-llvm-71cb4d.o(.text.main)
    __arm_cp.3_44                            0x00100a64   Number         4  lto-llvm-71cb4d.o(.text.main)
    __arm_cp.3_45                            0x00100a68   Number         4  lto-llvm-71cb4d.o(.text.main)
    __arm_cp.3_46                            0x00100a6c   Number         4  lto-llvm-71cb4d.o(.text.main)
    __arm_cp.3_47                            0x00100a70   Number         4  lto-llvm-71cb4d.o(.text.main)
    __arm_cp.3_49                            0x00100a78   Number         4  lto-llvm-71cb4d.o(.text.main)
    __arm_cp.3_52                            0x00100aac   Number         4  lto-llvm-71cb4d.o(.text.main)
    __arm_cp.3_53                            0x00100ab0   Number         4  lto-llvm-71cb4d.o(.text.main)
    __arm_cp.3_54                            0x00100ab4   Number         4  lto-llvm-71cb4d.o(.text.main)
    __arm_cp.3_55                            0x00100ab8   Number         4  lto-llvm-71cb4d.o(.text.main)
    __arm_cp.3_56                            0x00100abc   Number         4  lto-llvm-71cb4d.o(.text.main)
    __arm_cp.3_58                            0x00100ad8   Number         4  lto-llvm-71cb4d.o(.text.main)
    __arm_cp.3_59                            0x00100adc   Number         4  lto-llvm-71cb4d.o(.text.main)
    __arm_cp.3_61                            0x00100ae4   Number         4  lto-llvm-71cb4d.o(.text.main)
    __arm_cp.3_62                            0x00100ae8   Number         4  lto-llvm-71cb4d.o(.text.main)
    __arm_cp.3_3                             0x00100e64   Number         4  lto-llvm-71cb4d.o(.text.main)
    __arm_cp.3_4                             0x00100e68   Number         4  lto-llvm-71cb4d.o(.text.main)
    __arm_cp.3_5                             0x00100e6c   Number         4  lto-llvm-71cb4d.o(.text.main)
    __arm_cp.3_12                            0x00100e70   Number         4  lto-llvm-71cb4d.o(.text.main)
    __arm_cp.3_24                            0x00100e74   Number         4  lto-llvm-71cb4d.o(.text.main)
    __arm_cp.3_26                            0x00100e78   Number         4  lto-llvm-71cb4d.o(.text.main)
    __arm_cp.3_27                            0x00100e7c   Number         4  lto-llvm-71cb4d.o(.text.main)
    __arm_cp.3_28                            0x00100e80   Number         4  lto-llvm-71cb4d.o(.text.main)
    __arm_cp.3_29                            0x00100e84   Number         4  lto-llvm-71cb4d.o(.text.main)
    __arm_cp.3_30                            0x00100e88   Number         4  lto-llvm-71cb4d.o(.text.main)
    __arm_cp.3_31                            0x00100e8c   Number         4  lto-llvm-71cb4d.o(.text.main)
    __arm_cp.3_32                            0x00100e90   Number         4  lto-llvm-71cb4d.o(.text.main)
    __arm_cp.3_34                            0x00100ea8   Number         4  lto-llvm-71cb4d.o(.text.main)
    i.__scatterload_copy                     0x00100eac   Section       14  handlers.o(i.__scatterload_copy)
    i.__scatterload_null                     0x00100eba   Section        2  handlers.o(i.__scatterload_null)
    i.__scatterload_zeroinit                 0x00100ebc   Section       14  handlers.o(i.__scatterload_zeroinit)
    [Anonymous Symbol]                       0x00100eca   Section        0  lto-llvm-71cb4d.o(.rodata.cst4)
    SystemCoreClock                          0x20000000   Data           4  lto-llvm-71cb4d.o(.data.SystemCoreClock)
    [Anonymous Symbol]                       0x20000000   Section        0  lto-llvm-71cb4d.o(.data.SystemCoreClock)
    g_u8CANPacketReady                       0x20000008   Data           1  lto-llvm-71cb4d.o(.bss..L_MergedGlobals)
    [Anonymous Symbol]                       0x20000008   Section        0  lto-llvm-71cb4d.o(.bss..L_MergedGlobals)
    g_sRxMsgFrame                            0x2000000c   Data          96  lto-llvm-71cb4d.o(.bss..L_MergedGlobals)
    Stack_Mem                                0x20000070   Number         0  startup_m2a23.o(.bss.STACK)

    Global Symbols

    Symbol Name                              Value     Ov Type        Size  Object(Section)

    BuildAttributes$$THM_ISAv3M$S$8M$PE$A:L22$X:L11$S22$IEEE1$IW$USESV6$~STKCKD$USESV7$~SHL$OTIME$ROPI$IEEEF$EBA8$MICROLIB$REQ8$PRES8$EABIv2 0x00000000   Number         0  anon$$obj.o ABSOLUTE
    __cpp_initialize__aeabi_                  - Undefined Weak Reference
    __cxa_finalize                            - Undefined Weak Reference
    __decompress                              - Undefined Weak Reference
    _clock_init                               - Undefined Weak Reference
    _microlib_exit                            - Undefined Weak Reference
    function                                  - Undefined Weak Reference
    __Vectors_Size                           0x00000128   Number         0  startup_m2a23.o ABSOLUTE
    __Vectors                                0x00100000   Number         0  startup_m2a23.o(RESET)
    __Vectors_End                            0x00100128   Number         0  startup_m2a23.o(RESET)
    __main                                   0x00100129   Thumb Code     0  entry.o(.ARM.Collect$$$$00000000)
    _main_stk                                0x00100129   Thumb Code     0  entry2.o(.ARM.Collect$$$$00000001)
    _main_scatterload                        0x0010012d   Thumb Code     0  entry5.o(.ARM.Collect$$$$00000004)
    __main_after_scatterload                 0x00100131   Thumb Code     0  entry5.o(.ARM.Collect$$$$00000004)
    _main_clock                              0x00100131   Thumb Code     0  entry7b.o(.ARM.Collect$$$$00000008)
    _main_cpp_init                           0x00100131   Thumb Code     0  entry8b.o(.ARM.Collect$$$$0000000A)
    _main_init                               0x00100131   Thumb Code     0  entry9a.o(.ARM.Collect$$$$0000000B)
    __rt_final_cpp                           0x00100139   Thumb Code     0  entry10a.o(.ARM.Collect$$$$0000000D)
    __rt_final_exit                          0x00100139   Thumb Code     0  entry11a.o(.ARM.Collect$$$$0000000F)
    Reset_Handler                            0x0010013d   Thumb Code     0  startup_m2a23.o(.text)
    NMI_Handler                              0x00100145   Thumb Code     0  startup_m2a23.o(.text)
    HardFault_Handler                        0x00100147   Thumb Code     0  startup_m2a23.o(.text)
    SVC_Handler                              0x00100156   Number         0  startup_m2a23.o(.text)
    PendSV_Handler                           0x00100158   Number         0  startup_m2a23.o(.text)
    SysTick_Handler                          0x0010015a   Number         0  startup_m2a23.o(.text)
    ACMP01_IRQHandler                        0x0010015c   Number         0  startup_m2a23.o(.text)
    ADC0_IRQHandler                          0x0010015c   Number         0  startup_m2a23.o(.text)
    BOD_IRQHandler                           0x0010015c   Number         0  startup_m2a23.o(.text)
    BPWM0_IRQHandler                         0x0010015c   Number         0  startup_m2a23.o(.text)
    BRAKE0_IRQHandler                        0x0010015c   Number         0  startup_m2a23.o(.text)
    CANFD01_IRQHandler                       0x0010015c   Number         0  startup_m2a23.o(.text)
    CANFD10_IRQHandler                       0x0010015c   Number         0  startup_m2a23.o(.text)
    CANFD11_IRQHandler                       0x0010015c   Number         0  startup_m2a23.o(.text)
    CANFD20_IRQHandler                       0x0010015c   Number         0  startup_m2a23.o(.text)
    CANFD21_IRQHandler                       0x0010015c   Number         0  startup_m2a23.o(.text)
    CKFAIL_IRQHandler                        0x0010015c   Number         0  startup_m2a23.o(.text)
    DEFAULT_IRQHandler                       0x0010015c   Number         0  startup_m2a23.o(.text)
    EINT0_IRQHandler                         0x0010015c   Number         0  startup_m2a23.o(.text)
    EINT1_IRQHandler                         0x0010015c   Number         0  startup_m2a23.o(.text)
    EINT2_IRQHandler                         0x0010015c   Number         0  startup_m2a23.o(.text)
    EINT3_IRQHandler                         0x0010015c   Number         0  startup_m2a23.o(.text)
    EINT4_IRQHandler                         0x0010015c   Number         0  startup_m2a23.o(.text)
    EINT5_IRQHandler                         0x0010015c   Number         0  startup_m2a23.o(.text)
    GPA_IRQHandler                           0x0010015c   Number         0  startup_m2a23.o(.text)
    GPB_IRQHandler                           0x0010015c   Number         0  startup_m2a23.o(.text)
    GPC_IRQHandler                           0x0010015c   Number         0  startup_m2a23.o(.text)
    GPD_IRQHandler                           0x0010015c   Number         0  startup_m2a23.o(.text)
    GPF_IRQHandler                           0x0010015c   Number         0  startup_m2a23.o(.text)
    I2C0_IRQHandler                          0x0010015c   Number         0  startup_m2a23.o(.text)
    IRC_IRQHandler                           0x0010015c   Number         0  startup_m2a23.o(.text)
    ISP_IRQHandler                           0x0010015c   Number         0  startup_m2a23.o(.text)
    LLSI0_IRQHandler                         0x0010015c   Number         0  startup_m2a23.o(.text)
    LLSI1_IRQHandler                         0x0010015c   Number         0  startup_m2a23.o(.text)
    PDMA0_IRQHandler                         0x0010015c   Number         0  startup_m2a23.o(.text)
    PWM0P0_IRQHandler                        0x0010015c   Number         0  startup_m2a23.o(.text)
    PWM0P1_IRQHandler                        0x0010015c   Number         0  startup_m2a23.o(.text)
    PWM0P2_IRQHandler                        0x0010015c   Number         0  startup_m2a23.o(.text)
    PWRWU_IRQHandler                         0x0010015c   Number         0  startup_m2a23.o(.text)
    RAMPE_IRQHandler                         0x0010015c   Number         0  startup_m2a23.o(.text)
    SPI0_IRQHandler                          0x0010015c   Number         0  startup_m2a23.o(.text)
    TMR0_IRQHandler                          0x0010015c   Number         0  startup_m2a23.o(.text)
    TMR1_IRQHandler                          0x0010015c   Number         0  startup_m2a23.o(.text)
    TMR2_IRQHandler                          0x0010015c   Number         0  startup_m2a23.o(.text)
    TMR3_IRQHandler                          0x0010015c   Number         0  startup_m2a23.o(.text)
    UART0_IRQHandler                         0x0010015c   Number         0  startup_m2a23.o(.text)
    UART1_IRQHandler                         0x0010015c   Number         0  startup_m2a23.o(.text)
    USCI0_IRQHandler                         0x0010015c   Number         0  startup_m2a23.o(.text)
    USCI1_IRQHandler                         0x0010015c   Number         0  startup_m2a23.o(.text)
    WDT_IRQHandler                           0x0010015c   Number         0  startup_m2a23.o(.text)
    WWDT_IRQHandler                          0x0010015c   Number         0  startup_m2a23.o(.text)
    SH_DoCommand                             0x00100161   Thumb Code     0  startup_m2a23.o(.text)
    __PC                                     0x0010016d   Thumb Code     0  startup_m2a23.o(.text)
    __scatterload                            0x00100181   Thumb Code    38  init.o(.text)
    __scatterload_rt2                        0x00100181   Thumb Code     0  init.o(.text)
    __aeabi_memset                           0x001001b1   Thumb Code    14  memseta.o(.text)
    __aeabi_memset4                          0x001001b1   Thumb Code     0  memseta.o(.text)
    __aeabi_memset8                          0x001001b1   Thumb Code     0  memseta.o(.text)
    __aeabi_memclr                           0x001001bf   Thumb Code     4  memseta.o(.text)
    __aeabi_memclr4                          0x001001bf   Thumb Code     0  memseta.o(.text)
    __aeabi_memclr8                          0x001001bf   Thumb Code     0  memseta.o(.text)
    _memset$wrapper                          0x001001c3   Thumb Code    18  memseta.o(.text)
    __aeabi_fmul                             0x001001d5   Thumb Code   122  fmul.o(.text)
    __aeabi_ui2f                             0x0010024f   Thumb Code    14  ffltui.o(.text)
    __aeabi_f2iz                             0x0010025d   Thumb Code    50  ffixi.o(.text)
    __I$use$fp                               0x0010028f   Thumb Code     0  iusefp.o(.text)
    _float_round                             0x0010028f   Thumb Code    16  fepilogue.o(.text)
    _float_epilogue                          0x0010029f   Thumb Code   114  fepilogue.o(.text)
    CANFD00_IRQHandler                       0x0010040d   Thumb Code   172  lto-llvm-71cb4d.o(.text.CANFD00_IRQHandler)
    ProcessHardFault                         0x00100675   Thumb Code     2  lto-llvm-71cb4d.o(.text.ProcessHardFault)
    SH_Return                                0x00100677   Thumb Code     2  lto-llvm-71cb4d.o(.text.SH_Return)
    SystemInit                               0x00100719   Thumb Code     2  lto-llvm-71cb4d.o(.text.SystemInit)
    main                                     0x0010071d   Thumb Code  1860  lto-llvm-71cb4d.o(.text.main)
    __scatterload_copy                       0x00100ead   Thumb Code    14  handlers.o(i.__scatterload_copy)
    __scatterload_null                       0x00100ebb   Thumb Code     2  handlers.o(i.__scatterload_null)
    __scatterload_zeroinit                   0x00100ebd   Thumb Code    14  handlers.o(i.__scatterload_zeroinit)
    Region$$Table$$Base                      0x00100ed0   Number         0  anon$$obj.o(Region$$Table)
    Region$$Table$$Limit                     0x00100ef0   Number         0  anon$$obj.o(Region$$Table)
    __initial_sp                             0x20000470   Number         0  startup_m2a23.o(.bss.STACK)



==============================================================================

Memory Map of the image

  Image Entry point : 0x0010013d

  Load Region LR_1 (Base: 0x00100000, Size: 0x00000ef4, Max: 0xffffffff, ABSOLUTE)

    Execution Region ER_RO (Exec base: 0x00100000, Load base: 0x00100000, Size: 0x00000ef0, Max: 0xffffffff, ABSOLUTE)

    Exec Addr    Load Addr    Size         Type   Attr      Idx    E Section Name        Object

    0x00100000   0x00100000   0x00000128   Code   RO            4    RESET               startup_m2a23.o
    0x00100128   0x00100128   0x00000000   Code   RO           15  * .ARM.Collect$$$$00000000  mc_p.l(entry.o)
    0x00100128   0x00100128   0x00000004   Code   RO           16    .ARM.Collect$$$$00000001  mc_p.l(entry2.o)
    0x0010012c   0x0010012c   0x00000004   Code   RO           19    .ARM.Collect$$$$00000004  mc_p.l(entry5.o)
    0x00100130   0x00100130   0x00000000   Code   RO           21    .ARM.Collect$$$$00000008  mc_p.l(entry7b.o)
    0x00100130   0x00100130   0x00000000   Code   RO           23    .ARM.Collect$$$$0000000A  mc_p.l(entry8b.o)
    0x00100130   0x00100130   0x00000008   Code   RO           24    .ARM.Collect$$$$0000000B  mc_p.l(entry9a.o)
    0x00100138   0x00100138   0x00000000   Code   RO           26    .ARM.Collect$$$$0000000D  mc_p.l(entry10a.o)
    0x00100138   0x00100138   0x00000000   Code   RO           28    .ARM.Collect$$$$0000000F  mc_p.l(entry11a.o)
    0x00100138   0x00100138   0x00000004   Code   RO           17    .ARM.Collect$$$$00002712  mc_p.l(entry2.o)
    0x0010013c   0x0010013c   0x00000044   Code   RO            1  * .text               startup_m2a23.o
    0x00100180   0x00100180   0x00000030   Code   RO           30    .text               mc_p.l(init.o)
    0x001001b0   0x001001b0   0x00000024   Code   RO           72    .text               mc_p.l(memseta.o)
    0x001001d4   0x001001d4   0x0000007a   Code   RO           74    .text               mf_p.l(fmul.o)
    0x0010024e   0x0010024e   0x0000000e   Code   RO           76    .text               mf_p.l(ffltui.o)
    0x0010025c   0x0010025c   0x00000032   Code   RO           78    .text               mf_p.l(ffixi.o)
    0x0010028e   0x0010028e   0x00000000   Code   RO           80    .text               mc_p.l(iusefp.o)
    0x0010028e   0x0010028e   0x00000082   Code   RO           81    .text               mf_p.l(fepilogue.o)
    0x00100310   0x00100310   0x00000094   Code   RO           43    .text.App_IsValid   lto-llvm-71cb4d.o
    0x001003a4   0x001003a4   0x00000010   Code   RO           47    .text.BootDbgUart_WriteByte  lto-llvm-71cb4d.o
    0x001003b4   0x001003b4   0x00000024   Code   RO           41    .text.BootDbgUart_WriteString  lto-llvm-71cb4d.o
    0x001003d8   0x001003d8   0x00000034   Code   RO           45    .text.Boot_JumpToApplication  lto-llvm-71cb4d.o
    0x0010040c   0x0010040c   0x000000c4   Code   RO           37    .text.CANFD00_IRQHandler  lto-llvm-71cb4d.o
    0x001004d0   0x001004d0   0x000000ac   Code   RO           57    .text.CANFD_GetSegments  lto-llvm-71cb4d.o
    0x0010057c   0x0010057c   0x0000006c   Code   RO           59    .text.CANFD_InitRxFifo  lto-llvm-71cb4d.o
    0x001005e8   0x001005e8   0x00000060   Code   RO           53    .text.CLK_SetModuleClock  lto-llvm-71cb4d.o
    0x00100648   0x00100648   0x0000002c   Code   RO           55    .text.FMC_Read      lto-llvm-71cb4d.o
    0x00100674   0x00100674   0x00000002   Code   RO           49    .text.ProcessHardFault  lto-llvm-71cb4d.o
    0x00100676   0x00100676   0x00000002   Code   RO           51    .text.SH_Return     lto-llvm-71cb4d.o
    0x00100678   0x00100678   0x000000a0   Code   RO           33    .text.SystemCoreClockUpdate  lto-llvm-71cb4d.o
    0x00100718   0x00100718   0x00000002   Code   RO           35    .text.SystemInit    lto-llvm-71cb4d.o
    0x0010071a   0x0010071a   0x00000002   PAD
    0x0010071c   0x0010071c   0x00000790   Code   RO           39    .text.main          lto-llvm-71cb4d.o
    0x00100eac   0x00100eac   0x0000000e   Code   RO           85    i.__scatterload_copy  mc_p.l(handlers.o)
    0x00100eba   0x00100eba   0x00000002   Code   RO           86    i.__scatterload_null  mc_p.l(handlers.o)
    0x00100ebc   0x00100ebc   0x0000000e   Code   RO           87    i.__scatterload_zeroinit  mc_p.l(handlers.o)
    0x00100eca   0x00100eca   0x00000004   Data   RO           63    .rodata.cst4        lto-llvm-71cb4d.o
    0x00100ece   0x00100ece   0x00000002   PAD
    0x00100ed0   0x00100ed0   0x00000020   Data   RO           84    Region$$Table       anon$$obj.o


    Execution Region ER_RW (Exec base: 0x20000000, Load base: 0x00100ef0, Size: 0x00000004, Max: 0xffffffff, ABSOLUTE)

    Exec Addr    Load Addr    Size         Type   Attr      Idx    E Section Name        Object

    0x20000000   0x00100ef0   0x00000004   Data   RW           62    .data.SystemCoreClock  lto-llvm-71cb4d.o


    Execution Region ER_ZI (Exec base: 0x20000008, Load base: 0x00100ef4, Size: 0x00000468, Max: 0xffffffff, ABSOLUTE)

    Exec Addr    Load Addr    Size         Type   Attr      Idx    E Section Name        Object

    0x20000008        -       0x00000064   Zero   RW           64    .bss..L_MergedGlobals  lto-llvm-71cb4d.o
    0x2000006c   0x00100ef4   0x00000004   PAD
    0x20000070        -       0x00000400   Zero   RW            2    .bss.STACK          startup_m2a23.o


==============================================================================

Image component sizes


      Code (inc. data)   RO Data    RW Data    ZI Data      Debug   Object Name

      2970        404          4          4        100      32865   lto-llvm-71cb4d.o
       364         16          0          0       1024       2115   startup_m2a23.o

    ----------------------------------------------------------------------
      3336        420         38          4       1128      34980   Object Totals
         0          0         32          0          0          0   (incl. Generated)
         2          0          2          0          4          0   (incl. Padding)

    ----------------------------------------------------------------------

      Code (inc. data)   RO Data    RW Data    ZI Data      Debug   Library Member Name

         0          0          0          0          0          0   entry.o
         0          0          0          0          0          0   entry10a.o
         0          0          0          0          0          0   entry11a.o
         8          4          0          0          0          0   entry2.o
         4          0          0          0          0          0   entry5.o
         0          0          0          0          0          0   entry7b.o
         0          0          0          0          0          0   entry8b.o
         8          4          0          0          0          0   entry9a.o
        30          0          0          0          0          0   handlers.o
        48         10          0          0          0         68   init.o
         0          0          0          0          0          0   iusefp.o
        36          0          0          0          0        100   memseta.o
       130          0          0          0          0        144   fepilogue.o
        50          0          0          0          0         60   ffixi.o
        14          0          0          0          0         68   ffltui.o
       122          0          0          0          0         72   fmul.o

    ----------------------------------------------------------------------
       450         18          0          0          0        512   Library Totals
         0          0          0          0          0          0   (incl. Padding)

    ----------------------------------------------------------------------

      Code (inc. data)   RO Data    RW Data    ZI Data      Debug   Library Name

       134         18          0          0          0        168   mc_p.l
       316          0          0          0          0        344   mf_p.l

    ----------------------------------------------------------------------
       450         18          0          0          0        512   Library Totals

    ----------------------------------------------------------------------

==============================================================================


      Code (inc. data)   RO Data    RW Data    ZI Data      Debug   

      3786        438         38          4       1128      35564   Grand Totals
      3786        438         38          4       1128      35564   ELF Image Totals
      3786        438         38          4          0          0   ROM Totals

==============================================================================

    Total RO  Size (Code + RO Data)                 3824 (   3.73kB)
    Total RW  Size (RW Data + ZI Data)              1132 (   1.11kB)
    Total ROM Size (Code + RO Data + RW Data)       3828 (   3.74kB)

==============================================================================

